// Jest Snapshot v1, https://goo.gl/fbAQLP

exports[`EDIT-TASK-BTN TESTING Should render btn when one event is selected 1`] = `
<button
  class="btn"
  data-testid="edit-task-btn"
/>
`;
